<?xml version="1.0" encoding="UTF-8"?>
<testsuites name="Mocha Tests" time="2.4040" tests="5" failures="0">
  <testsuite name="Root Suite" timestamp="2020-02-18T11:44:22" tests="0" time="0.0000" failures="0">
  </testsuite>
  <testsuite name="stateAndCity" timestamp="2020-02-18T11:44:22" tests="0" file="D:\Sarada\node-test\Api\test\stateAndStateTest.js" time="0.0000" failures="0">
  </testsuite>
  <testsuite name="ServerChecking" timestamp="2020-02-18T11:44:22" tests="1" file="D:\Sarada\node-test\Api\test\stateAndStateTest.js" time="0.0300" failures="0">
    <testcase name="stateAndCity ServerChecking Server Should Run fine" time="0.0300" classname="Server Should Run fine">
    </testcase>
  </testsuite>
  <testsuite name="/GET getAllStates" timestamp="2020-02-18T11:44:22" tests="1" file="D:\Sarada\node-test\Api\test\stateAndStateTest.js" time="1.8030" failures="0">
    <testcase name="stateAndCity /GET getAllStates it should GET all the states" time="1.8030" classname="it should GET all the states">
    </testcase>
  </testsuite>
  <testsuite name="/POST addNewState " timestamp="2020-02-18T11:44:24" tests="1" file="D:\Sarada\node-test\Api\test\stateAndStateTest.js" time="0.2200" failures="0">
    <testcase name="stateAndCity /POST addNewState  it should add a new state" time="0.2200" classname="it should add a new state">
    </testcase>
  </testsuite>
  <testsuite name="/GET  getSingleCity " timestamp="2020-02-18T11:44:24" tests="1" file="D:\Sarada\node-test\Api\test\stateAndStateTest.js" time="0.1770" failures="0">
    <testcase name="stateAndCity /GET  getSingleCity  it should return  a state" time="0.1770" classname="it should return  a state">
    </testcase>
  </testsuite>
  <testsuite name="/GET  removeSpecificCity " timestamp="2020-02-18T11:44:24" tests="1" file="D:\Sarada\node-test\Api\test\stateAndStateTest.js" time="0.1740" failures="0">
    <testcase name="stateAndCity /GET  removeSpecificCity  it should add a new state" time="0.1740" classname="it should add a new state">
    </testcase>
  </testsuite>
</testsuites>